Generating soft-rain-noise.wav…
  wrote 14.8 MB
Generating window-rain-noise.wav…
  wrote 14.8 MB
Generating heavy-rain-noise.wav…
  wrote 14.8 MB
Generating distant-storm-noise.wav…
  wrote 14.8 MB
Generating soft-wind-noise.wav…
  wrote 14.8 MB
Generating brown-noise.wav…
  wrote 14.8 MB
Generating pinknoise.wav…
  wrote 14.8 MB
Generating white-noise.wav…
  wrote 14.8 MB
Generating low-rumble-bed.wav…
  wrote 14.8 MB
Generating distant-train-bed.wav…
  wrote 14.8 MB
Generating soft-traffic-bed.wav…
  wrote 14.8 MB
Generating fan-room-bed.wav…
  wrote 14.8 MB
Generating rain-on-glass-noise.wav…
  wrote 14.8 MB
Generating deep-water-bed.wav…
  wrote 14.8 MB
Generating ember-crackle-bed.wav…
  wrote 14.8 MB
Generating distant-thunder-bed.wav…
Keeping existing soft-rain-noise.wav (use --overwrite to replace)
Keeping existing window-rain-noise.wav (use --overwrite to replace)
Keeping existing heavy-rain-noise.wav (use --overwrite to replace)
Keeping existing distant-storm-noise.wav (use --overwrite to replace)
Keeping existing soft-wind-noise.wav (use --overwrite to replace)
Keeping existing brown-noise.wav (use --overwrite to replace)
Keeping existing pinknoise.wav (use --overwrite to replace)
Keeping existing white-noise.wav (use --overwrite to replace)
Keeping existing low-rumble-bed.wav (use --overwrite to replace)
Keeping existing distant-train-bed.wav (use --overwrite to replace)
Keeping existing soft-traffic-bed.wav (use --overwrite to replace)
Keeping existing fan-room-bed.wav (use --overwrite to replace)
Keeping existing rain-on-glass-noise.wav (use --overwrite to replace)
Keeping existing deep-water-bed.wav (use --overwrite to replace)
Keeping existing ember-crackle-bed.wav (use --overwrite to replace)
Generating distant-thunder-bed.wav…
  wrote 14.8 MB
Generating soft-thunderstorm-bed.wav…
  wrote 14.8 MB
